
> @repo/web@1.0.0 build
> next build

   ▲ Next.js 15.5.25
   - Environments: .env.local

   Creating an optimized production build ...
 ✓ Compiled successfully in 3.9s
   Linting and checking validity of types ...
   Collecting page data ...
   Generating static pages (0/7) ...
   Generating static pages (1/7) 
   Generating static pages (3/7) 
   Generating static pages (5/7) 
 ✓ Generating static pages (7/7)
   Finalizing page optimization ...
   Collecting build traces ...

Route (app)                                 Size  First Load JS
┌ ○ /                                      164 B         106 kB
├ ○ /_not-found                            987 B         104 kB
├ ○ /app                                 4.63 kB         121 kB
├ ƒ /app/articles/[id]                   51.1 kB         198 kB
├ ƒ /article/[slugOrId]                    122 B         103 kB
├ ○ /pricing                               164 B         106 kB
├ ○ /settings                            6.14 kB         120 kB
├ ƒ /sign-in/[[...sign-in]]                392 B         141 kB
└ ƒ /sign-up/[[...sign-up]]                392 B         141 kB
+ First Load JS shared by all             103 kB
  ├ chunks/18-2c82660ce7c4918d.js        46.4 kB
  ├ chunks/87c73c54-24122e7b92478d00.js  54.2 kB
  └ other shared chunks (total)             2 kB


ƒ Middleware                             85.7 kB

○  (Static)   prerendered as static content
ƒ  (Dynamic)  server-rendered on demand

