
> @repo/converter@1.0.0 build
> docker compose build

#0 building with "desktop-linux" instance using docker driver

#1 [converter internal] load .dockerignore
#1 transferring context: 2B done
#1 DONE 0.0s

#2 [converter internal] load build definition from Dockerfile
#2 transferring dockerfile: 283B done
#2 DONE 0.0s

#3 [converter internal] load metadata for docker.io/library/python:3.12-slim
#3 DONE 1.7s

#4 [converter 1/5] FROM docker.io/library/python:3.12-slim@sha256:78387bc3881b8273120a12ebe6c1ab22b018ccc2c9adf565ae1ac9b536e184ea
#4 DONE 0.0s

#5 [converter internal] load build context
#5 transferring context: 791B 0.0s done
#5 DONE 0.1s

#6 [converter 2/5] WORKDIR /app
#6 CACHED

#7 [converter 3/5] COPY requirements.txt .
#7 CACHED

#8 [converter 4/5] RUN pip install --no-cache-dir -r requirements.txt
#8 CACHED

#9 [converter 5/5] COPY . .
#9 CACHED

#10 [converter] exporting to image
#10 exporting layers done
#10 writing image sha256:0a0b84a1bdd61a32c90a68cf12447bbdc05638fb7476cfd7f665cf3c20def5dc done
#10 naming to docker.io/library/converter-converter done
#10 DONE 0.0s
